2026-01-21,12:50:13 [INFO] (app.py:app:316): Parsing config file C:\Users\ngang\anaconda3\envs\femicide\Lib\site-packages\tabpy\tabpy_server\app\..\common\default.conf
2026-01-21,12:50:13 [DEBUG] (app.py:app:277): Parameter port set to "9004" from default value
2026-01-21,12:50:13 [DEBUG] (app.py:app:277): Parameter server_version set to "2.13.0" from default value
2026-01-21,12:50:13 [DEBUG] (app.py:app:277): Parameter evaluate_enabled set to "True" from default value
2026-01-21,12:50:13 [DEBUG] (app.py:app:277): Parameter evaluate_timeout set to "30" from default value
2026-01-21,12:50:13 [DEBUG] (app.py:app:277): Parameter upload_dir set to "C:\Users\ngang\anaconda3\envs\femicide\Lib\site-packages\tabpy\tmp\query_objects" from default value
2026-01-21,12:50:13 [DEBUG] (app.py:app:277): Parameter transfer_protocol set to "http" from default value
2026-01-21,12:50:13 [DEBUG] (app.py:app:284): Parameter certificate_file is not set
2026-01-21,12:50:13 [DEBUG] (app.py:app:284): Parameter key_file is not set
2026-01-21,12:50:13 [DEBUG] (app.py:app:277): Parameter minimum_tls_version set to "TLSv1_2" from default value
2026-01-21,12:50:13 [DEBUG] (app.py:app:277): Parameter state_file_path set to "C:\Users\ngang\anaconda3\envs\femicide\Lib\site-packages\tabpy\tabpy_server" from default value
2026-01-21,12:50:13 [DEBUG] (app.py:app:277): Parameter static_path set to "C:\Users\ngang\anaconda3\envs\femicide\Lib\site-packages\tabpy\tabpy_server\static" from default value
2026-01-21,12:50:13 [DEBUG] (app.py:app:284): Parameter TABPY_PWD_FILE is not set
2026-01-21,12:50:13 [DEBUG] (app.py:app:277): Parameter log_request_context set to "false" from default value
2026-01-21,12:50:13 [DEBUG] (app.py:app:277): Parameter max_request_size_in_mb set to "100" from default value
2026-01-21,12:50:13 [DEBUG] (app.py:app:277): Parameter gzip_enabled set to "True" from default value
2026-01-21,12:50:13 [DEBUG] (app.py:app:277): Parameter arrow_enabled set to "False" from default value
2026-01-21,12:50:13 [DEBUG] (app.py:app:277): Parameter arrowflight_port set to "13622" from default value
2026-01-21,12:50:13 [INFO] (app.py:app:381): Setting max request size to 104857600 bytes
2026-01-21,12:50:13 [DEBUG] (app.py:app:539): File C:\Users\ngang\anaconda3\envs\femicide\Lib\site-packages\tabpy\tabpy_server\state.ini not found, creating from template C:\Users\ngang\anaconda3\envs\femicide\Lib\site-packages\tabpy\tabpy_server\state.ini.template...
2026-01-21,12:50:13 [INFO] (app.py:app:545): Loading state from state file C:\Users\ngang\anaconda3\envs\femicide\Lib\site-packages\tabpy\tabpy_server\state.ini
2026-01-21,12:50:13 [DEBUG] (app.py:app:397): Static pages folder set to "C:\Users\ngang\anaconda3\envs\femicide\Lib\site-packages\tabpy\tabpy_server\static"
2026-01-21,12:50:44 [INFO] (app.py:app:316): Parsing config file C:\Users\ngang\anaconda3\envs\femicide\Lib\site-packages\tabpy\tabpy_server\app\..\common\default.conf
2026-01-21,12:50:44 [DEBUG] (app.py:app:277): Parameter port set to "9004" from default value
2026-01-21,12:50:44 [DEBUG] (app.py:app:277): Parameter server_version set to "2.13.0" from default value
2026-01-21,12:50:44 [DEBUG] (app.py:app:277): Parameter evaluate_enabled set to "True" from default value
2026-01-21,12:50:44 [DEBUG] (app.py:app:277): Parameter evaluate_timeout set to "30" from default value
2026-01-21,12:50:44 [DEBUG] (app.py:app:277): Parameter upload_dir set to "C:\Users\ngang\anaconda3\envs\femicide\Lib\site-packages\tabpy\tmp\query_objects" from default value
2026-01-21,12:50:44 [DEBUG] (app.py:app:277): Parameter transfer_protocol set to "http" from default value
2026-01-21,12:50:44 [DEBUG] (app.py:app:284): Parameter certificate_file is not set
2026-01-21,12:50:44 [DEBUG] (app.py:app:284): Parameter key_file is not set
2026-01-21,12:50:44 [DEBUG] (app.py:app:277): Parameter minimum_tls_version set to "TLSv1_2" from default value
2026-01-21,12:50:44 [DEBUG] (app.py:app:277): Parameter state_file_path set to "C:\Users\ngang\anaconda3\envs\femicide\Lib\site-packages\tabpy\tabpy_server" from default value
2026-01-21,12:50:44 [DEBUG] (app.py:app:277): Parameter static_path set to "C:\Users\ngang\anaconda3\envs\femicide\Lib\site-packages\tabpy\tabpy_server\static" from default value
2026-01-21,12:50:44 [DEBUG] (app.py:app:284): Parameter TABPY_PWD_FILE is not set
2026-01-21,12:50:44 [DEBUG] (app.py:app:277): Parameter log_request_context set to "false" from default value
2026-01-21,12:50:44 [DEBUG] (app.py:app:277): Parameter max_request_size_in_mb set to "100" from default value
2026-01-21,12:50:44 [DEBUG] (app.py:app:277): Parameter gzip_enabled set to "True" from default value
2026-01-21,12:50:44 [DEBUG] (app.py:app:277): Parameter arrow_enabled set to "False" from default value
2026-01-21,12:50:44 [DEBUG] (app.py:app:277): Parameter arrowflight_port set to "13622" from default value
2026-01-21,12:50:44 [INFO] (app.py:app:381): Setting max request size to 104857600 bytes
2026-01-21,12:50:44 [INFO] (app.py:app:545): Loading state from state file C:\Users\ngang\anaconda3\envs\femicide\Lib\site-packages\tabpy\tabpy_server\state.ini
2026-01-21,12:50:44 [DEBUG] (app.py:app:397): Static pages folder set to "C:\Users\ngang\anaconda3\envs\femicide\Lib\site-packages\tabpy\tabpy_server\static"
2026-01-21,12:50:46 [INFO] (app.py:app:510): Password file is not specified: Authentication is not enabled
2026-01-21,12:50:46 [INFO] (app.py:app:429): Call context logging is disabled
2026-01-21,12:50:46 [INFO] (app.py:app:197): Initializing TabPy...
2026-01-21,12:50:46 [DEBUG] (proactor_events.py:proactor_events:633): Using proactor: IocpProactor
2026-01-21,12:50:46 [INFO] (callbacks.py:callbacks:43): Initializing TabPy Server...
2026-01-21,12:50:46 [DEBUG] (state.py:state:628): Loading option 'None' from section [Query Objects Service Versions]...
2026-01-21,12:50:46 [DEBUG] (state.py:state:650): Returning value '[]'
2026-01-21,12:50:46 [DEBUG] (state.py:state:148): Collected endpoints: {}
2026-01-21,12:50:46 [INFO] (app.py:app:201): Done initializing TabPy.
2026-01-21,12:50:46 [DEBUG] (selector_events.py:selector_events:54): Using selector: SelectSelector
2026-01-21,12:50:46 [INFO] (callbacks.py:callbacks:64): Initializing models...
2026-01-21,12:50:46 [DEBUG] (state.py:state:628): Loading option 'None' from section [Query Objects Service Versions]...
2026-01-21,12:50:46 [DEBUG] (state.py:state:650): Returning value '[]'
2026-01-21,12:50:46 [DEBUG] (state.py:state:148): Collected endpoints: {}
2026-01-21,12:50:46 [INFO] (app.py:app:167): Web service listening on port 9004
2026-01-21,12:54:21 [INFO] (web.py:web:2418): 200 GET / (::1) 235.14ms
2026-01-21,12:54:21 [DEBUG] (base_handler.py:base_handler:115): Checking if need to handle authentication
2026-01-21,12:54:21 [DEBUG] (base_handler.py:base_handler:115): Handling authentication
2026-01-21,12:54:21 [INFO] (base_handler.py:base_handler:115): Authentication is not a required feature for API "v1"
2026-01-21,12:54:21 [DEBUG] (base_handler.py:base_handler:115): Checking request headers for authentication data
2026-01-21,12:54:21 [INFO] (base_handler.py:base_handler:115): Authorization header not found
2026-01-21,12:54:21 [DEBUG] (base_handler.py:base_handler:115): authentication not required, username and password are none
2026-01-21,12:54:21 [DEBUG] (state.py:state:526): Collecting Access-Control-Allow-Origin from state file ...
2026-01-21,12:54:21 [DEBUG] (state.py:state:628): Loading option 'Access-Control-Allow-Origin' from section [Service Info]...
2026-01-21,12:54:21 [DEBUG] (state.py:state:650): Returning value ''
2026-01-21,12:54:21 [DEBUG] (state.py:state:628): Loading option 'Access-Control-Allow-Headers' from section [Service Info]...
2026-01-21,12:54:21 [DEBUG] (state.py:state:650): Returning value ''
2026-01-21,12:54:21 [DEBUG] (state.py:state:628): Loading option 'Access-Control-Allow-Methods' from section [Service Info]...
2026-01-21,12:54:21 [DEBUG] (state.py:state:650): Returning value ''
2026-01-21,12:54:21 [DEBUG] (state.py:state:628): Loading option 'Description' from section [Service Info]...
2026-01-21,12:54:21 [DEBUG] (state.py:state:650): Returning value ''
2026-01-21,12:54:21 [DEBUG] (state.py:state:628): Loading option 'Creation Time' from section [Service Info]...
2026-01-21,12:54:21 [DEBUG] (state.py:state:650): Returning value '0'
2026-01-21,12:54:21 [DEBUG] (state.py:state:628): Loading option 'Name' from section [Service Info]...
2026-01-21,12:54:21 [DEBUG] (state.py:state:650): Returning value 'TabPy Server'
2026-01-21,12:54:21 [INFO] (web.py:web:2418): 200 GET /info (::1) 42.19ms
2026-01-21,12:54:21 [INFO] (web.py:web:2418): 200 GET /tableau.png (::1) 15.69ms
2026-01-21,12:54:21 [DEBUG] (base_handler.py:base_handler:115): Checking if need to handle authentication
2026-01-21,12:54:21 [DEBUG] (base_handler.py:base_handler:115): Handling authentication
2026-01-21,12:54:21 [INFO] (base_handler.py:base_handler:115): Authentication is not a required feature for API "v1"
2026-01-21,12:54:21 [DEBUG] (base_handler.py:base_handler:115): Checking request headers for authentication data
2026-01-21,12:54:21 [INFO] (base_handler.py:base_handler:115): Authorization header not found
2026-01-21,12:54:21 [DEBUG] (base_handler.py:base_handler:115): authentication not required, username and password are none
2026-01-21,12:54:21 [DEBUG] (state.py:state:526): Collecting Access-Control-Allow-Origin from state file ...
2026-01-21,12:54:21 [DEBUG] (state.py:state:628): Loading option 'Access-Control-Allow-Origin' from section [Service Info]...
2026-01-21,12:54:21 [DEBUG] (state.py:state:650): Returning value ''
2026-01-21,12:54:21 [DEBUG] (state.py:state:628): Loading option 'Access-Control-Allow-Headers' from section [Service Info]...
2026-01-21,12:54:21 [DEBUG] (state.py:state:650): Returning value ''
2026-01-21,12:54:21 [DEBUG] (state.py:state:628): Loading option 'Access-Control-Allow-Methods' from section [Service Info]...
2026-01-21,12:54:21 [DEBUG] (state.py:state:650): Returning value ''
2026-01-21,12:54:21 [DEBUG] (state.py:state:628): Loading option 'None' from section [Query Objects Service Versions]...
2026-01-21,12:54:21 [DEBUG] (state.py:state:650): Returning value '[]'
2026-01-21,12:54:21 [DEBUG] (state.py:state:148): Collected endpoints: {}
2026-01-21,12:54:21 [INFO] (web.py:web:2418): 200 GET /endpoints (::1) 88.16ms
2026-01-21,12:54:21 [WARNING] (web.py:web:2418): 404 GET /favicon.ico (::1) 1.52ms
2026-01-21,12:54:25 [INFO] (web.py:web:2418): 304 GET / (::1) 2.00ms
2026-01-21,12:54:25 [DEBUG] (base_handler.py:base_handler:115): Checking if need to handle authentication
2026-01-21,12:54:25 [DEBUG] (base_handler.py:base_handler:115): Handling authentication
2026-01-21,12:54:25 [INFO] (base_handler.py:base_handler:115): Authentication is not a required feature for API "v1"
2026-01-21,12:54:25 [DEBUG] (base_handler.py:base_handler:115): Checking request headers for authentication data
2026-01-21,12:54:25 [INFO] (base_handler.py:base_handler:115): Authorization header not found
2026-01-21,12:54:25 [DEBUG] (base_handler.py:base_handler:115): authentication not required, username and password are none
2026-01-21,12:54:25 [DEBUG] (state.py:state:526): Collecting Access-Control-Allow-Origin from state file ...
2026-01-21,12:54:25 [DEBUG] (state.py:state:628): Loading option 'Access-Control-Allow-Origin' from section [Service Info]...
2026-01-21,12:54:25 [DEBUG] (state.py:state:650): Returning value ''
2026-01-21,12:54:25 [DEBUG] (state.py:state:628): Loading option 'Access-Control-Allow-Headers' from section [Service Info]...
2026-01-21,12:54:25 [DEBUG] (state.py:state:650): Returning value ''
2026-01-21,12:54:25 [DEBUG] (state.py:state:628): Loading option 'Access-Control-Allow-Methods' from section [Service Info]...
2026-01-21,12:54:25 [DEBUG] (state.py:state:650): Returning value ''
2026-01-21,12:54:25 [DEBUG] (state.py:state:628): Loading option 'Description' from section [Service Info]...
2026-01-21,12:54:25 [DEBUG] (state.py:state:650): Returning value ''
2026-01-21,12:54:25 [DEBUG] (state.py:state:628): Loading option 'Creation Time' from section [Service Info]...
2026-01-21,12:54:25 [DEBUG] (state.py:state:650): Returning value '0'
2026-01-21,12:54:25 [DEBUG] (state.py:state:628): Loading option 'Name' from section [Service Info]...
2026-01-21,12:54:25 [DEBUG] (state.py:state:650): Returning value 'TabPy Server'
2026-01-21,12:54:25 [INFO] (web.py:web:2418): 304 GET /info (::1) 62.48ms
2026-01-21,12:54:25 [DEBUG] (base_handler.py:base_handler:115): Checking if need to handle authentication
2026-01-21,12:54:25 [DEBUG] (base_handler.py:base_handler:115): Handling authentication
2026-01-21,12:54:25 [INFO] (base_handler.py:base_handler:115): Authentication is not a required feature for API "v1"
2026-01-21,12:54:25 [DEBUG] (base_handler.py:base_handler:115): Checking request headers for authentication data
2026-01-21,12:54:25 [INFO] (base_handler.py:base_handler:115): Authorization header not found
2026-01-21,12:54:25 [DEBUG] (base_handler.py:base_handler:115): authentication not required, username and password are none
2026-01-21,12:54:25 [DEBUG] (state.py:state:526): Collecting Access-Control-Allow-Origin from state file ...
2026-01-21,12:54:25 [DEBUG] (state.py:state:628): Loading option 'Access-Control-Allow-Origin' from section [Service Info]...
2026-01-21,12:54:25 [DEBUG] (state.py:state:650): Returning value ''
2026-01-21,12:54:25 [DEBUG] (state.py:state:628): Loading option 'Access-Control-Allow-Headers' from section [Service Info]...
2026-01-21,12:54:25 [DEBUG] (state.py:state:650): Returning value ''
2026-01-21,12:54:25 [DEBUG] (state.py:state:628): Loading option 'Access-Control-Allow-Methods' from section [Service Info]...
2026-01-21,12:54:25 [DEBUG] (state.py:state:650): Returning value ''
2026-01-21,12:54:25 [DEBUG] (state.py:state:628): Loading option 'None' from section [Query Objects Service Versions]...
2026-01-21,12:54:25 [DEBUG] (state.py:state:650): Returning value '[]'
2026-01-21,12:54:25 [DEBUG] (state.py:state:148): Collected endpoints: {}
2026-01-21,12:54:25 [INFO] (web.py:web:2418): 304 GET /endpoints (::1) 44.90ms
2026-01-21,12:54:26 [INFO] (web.py:web:2418): 304 GET / (::1) 3.99ms
2026-01-21,12:54:26 [DEBUG] (base_handler.py:base_handler:115): Checking if need to handle authentication
2026-01-21,12:54:26 [DEBUG] (base_handler.py:base_handler:115): Handling authentication
2026-01-21,12:54:26 [INFO] (base_handler.py:base_handler:115): Authentication is not a required feature for API "v1"
2026-01-21,12:54:26 [DEBUG] (base_handler.py:base_handler:115): Checking request headers for authentication data
2026-01-21,12:54:26 [INFO] (base_handler.py:base_handler:115): Authorization header not found
2026-01-21,12:54:26 [DEBUG] (base_handler.py:base_handler:115): authentication not required, username and password are none
2026-01-21,12:54:26 [DEBUG] (state.py:state:526): Collecting Access-Control-Allow-Origin from state file ...
2026-01-21,12:54:26 [DEBUG] (state.py:state:628): Loading option 'Access-Control-Allow-Origin' from section [Service Info]...
2026-01-21,12:54:26 [DEBUG] (state.py:state:650): Returning value ''
2026-01-21,12:54:26 [DEBUG] (state.py:state:628): Loading option 'Access-Control-Allow-Headers' from section [Service Info]...
2026-01-21,12:54:26 [DEBUG] (state.py:state:650): Returning value ''
2026-01-21,12:54:26 [DEBUG] (state.py:state:628): Loading option 'Access-Control-Allow-Methods' from section [Service Info]...
2026-01-21,12:54:26 [DEBUG] (state.py:state:650): Returning value ''
2026-01-21,12:54:26 [DEBUG] (state.py:state:628): Loading option 'Description' from section [Service Info]...
2026-01-21,12:54:26 [DEBUG] (state.py:state:650): Returning value ''
2026-01-21,12:54:26 [DEBUG] (state.py:state:628): Loading option 'Creation Time' from section [Service Info]...
2026-01-21,12:54:26 [DEBUG] (state.py:state:650): Returning value '0'
2026-01-21,12:54:26 [DEBUG] (state.py:state:628): Loading option 'Name' from section [Service Info]...
2026-01-21,12:54:26 [DEBUG] (state.py:state:650): Returning value 'TabPy Server'
2026-01-21,12:54:26 [INFO] (web.py:web:2418): 304 GET /info (::1) 38.80ms
2026-01-21,12:54:26 [DEBUG] (base_handler.py:base_handler:115): Checking if need to handle authentication
2026-01-21,12:54:26 [DEBUG] (base_handler.py:base_handler:115): Handling authentication
2026-01-21,12:54:26 [INFO] (base_handler.py:base_handler:115): Authentication is not a required feature for API "v1"
2026-01-21,12:54:26 [DEBUG] (base_handler.py:base_handler:115): Checking request headers for authentication data
2026-01-21,12:54:26 [INFO] (base_handler.py:base_handler:115): Authorization header not found
2026-01-21,12:54:26 [DEBUG] (base_handler.py:base_handler:115): authentication not required, username and password are none
2026-01-21,12:54:26 [DEBUG] (state.py:state:526): Collecting Access-Control-Allow-Origin from state file ...
2026-01-21,12:54:26 [DEBUG] (state.py:state:628): Loading option 'Access-Control-Allow-Origin' from section [Service Info]...
2026-01-21,12:54:26 [DEBUG] (state.py:state:650): Returning value ''
2026-01-21,12:54:26 [DEBUG] (state.py:state:628): Loading option 'Access-Control-Allow-Headers' from section [Service Info]...
2026-01-21,12:54:26 [DEBUG] (state.py:state:650): Returning value ''
2026-01-21,12:54:26 [DEBUG] (state.py:state:628): Loading option 'Access-Control-Allow-Methods' from section [Service Info]...
2026-01-21,12:54:26 [DEBUG] (state.py:state:650): Returning value ''
2026-01-21,12:54:26 [DEBUG] (state.py:state:628): Loading option 'None' from section [Query Objects Service Versions]...
2026-01-21,12:54:26 [DEBUG] (state.py:state:650): Returning value '[]'
2026-01-21,12:54:26 [DEBUG] (state.py:state:148): Collected endpoints: {}
2026-01-21,12:54:26 [INFO] (web.py:web:2418): 304 GET /endpoints (::1) 30.45ms
2026-01-21,13:29:43 [CRITICAL] (app.py:app:189): Exiting on signal 2...
2026-01-21,13:29:43 [INFO] (app.py:app:195): Shutting down TabPy...
2026-01-21,13:29:43 [INFO] (app.py:app:195): Shutting down TabPy...
